// Jest Snapshot v1, https://goo.gl/fbAQLP

exports[`DailyForecastCollectionStore Store expect the response data to match daily forecast collection store mock data 1`] = `
Object {
  "forecasts": Array [
    Object {
      "date": 1522677600,
      "icon": "Partly Cloudy",
      "iconCode": 3,
      "precis": "Partly cloudy.",
      "rainChance": 60,
      "rainRange": "0 to 3",
      "tempMax": null,
      "tempMin": null,
    },
    Object {
      "date": 1522764000,
      "icon": "Shower",
      "iconCode": 11,
      "precis": "A few showers.",
      "rainChance": 60,
      "rainRange": "2 to 4",
      "tempMax": 28,
      "tempMin": 20,
    },
    Object {
      "date": 1522850400,
      "icon": "Cyclone",
      "iconCode": 19,
      "precis": "Full on thunderstorms with large hail.",
      "rainChance": 95,
      "rainRange": "20 to 400",
      "tempMax": 8,
      "tempMin": 2,
    },
  ],
}
`;
