// Jest Snapshot v1, https://goo.gl/fbAQLP

exports[`<StatusPanel /> renders 1`] = `
ShallowWrapper {
  "length": 1,
  Symbol(enzyme.__root__): [Circular],
  Symbol(enzyme.__unrendered__): <_default />,
  Symbol(enzyme.__renderer__): Object {
    "batchedUpdates": [Function],
    "getNode": [Function],
    "render": [Function],
    "simulateEvent": [Function],
    "unmount": [Function],
  },
  Symbol(enzyme.__node__): Object {
    "instance": null,
    "key": undefined,
    "nodeType": "class",
    "props": Object {
      "children": Array [
        <StatusPanel__PlayerStatus>
          <p>
            You are 
            <StatusPanel__Bad>
              bleeding
            </StatusPanel__Bad>
             and 
            <StatusPanel__Good>
              in good health
            </StatusPanel__Good>
            .
          </p>
          <p>
            You feel oppressed, and hungry.
          </p>
        </StatusPanel__PlayerStatus>,
        <StatusPanel__TimeOfDay>
          It is late in the day.
        </StatusPanel__TimeOfDay>,
      ],
    },
    "ref": null,
    "rendered": Array [
      Object {
        "instance": null,
        "key": undefined,
        "nodeType": "class",
        "props": Object {
          "children": Array [
            <p>
              You are 
              <StatusPanel__Bad>
                bleeding
              </StatusPanel__Bad>
               and 
              <StatusPanel__Good>
                in good health
              </StatusPanel__Good>
              .
            </p>,
            <p>
              You feel oppressed, and hungry.
            </p>,
          ],
        },
        "ref": null,
        "rendered": Array [
          Object {
            "instance": null,
            "key": undefined,
            "nodeType": "host",
            "props": Object {
              "children": Array [
                "You are ",
                <StatusPanel__Bad>
                  bleeding
                </StatusPanel__Bad>,
                " and ",
                <StatusPanel__Good>
                  in good health
                </StatusPanel__Good>,
                ".",
              ],
            },
            "ref": null,
            "rendered": Array [
              "You are ",
              Object {
                "instance": null,
                "key": undefined,
                "nodeType": "class",
                "props": Object {
                  "children": "bleeding",
                },
                "ref": null,
                "rendered": "bleeding",
                "type": [Function],
              },
              " and ",
              Object {
                "instance": null,
                "key": undefined,
                "nodeType": "class",
                "props": Object {
                  "children": "in good health",
                },
                "ref": null,
                "rendered": "in good health",
                "type": [Function],
              },
              ".",
            ],
            "type": "p",
          },
          Object {
            "instance": null,
            "key": undefined,
            "nodeType": "host",
            "props": Object {
              "children": "You feel oppressed, and hungry.",
            },
            "ref": null,
            "rendered": "You feel oppressed, and hungry.",
            "type": "p",
          },
        ],
        "type": [Function],
      },
      Object {
        "instance": null,
        "key": undefined,
        "nodeType": "class",
        "props": Object {
          "children": "It is late in the day.",
        },
        "ref": null,
        "rendered": "It is late in the day.",
        "type": [Function],
      },
    ],
    "type": [Function],
  },
  Symbol(enzyme.__nodes__): Array [
    Object {
      "instance": null,
      "key": undefined,
      "nodeType": "class",
      "props": Object {
        "children": Array [
          <StatusPanel__PlayerStatus>
            <p>
              You are 
              <StatusPanel__Bad>
                bleeding
              </StatusPanel__Bad>
               and 
              <StatusPanel__Good>
                in good health
              </StatusPanel__Good>
              .
            </p>
            <p>
              You feel oppressed, and hungry.
            </p>
          </StatusPanel__PlayerStatus>,
          <StatusPanel__TimeOfDay>
            It is late in the day.
          </StatusPanel__TimeOfDay>,
        ],
      },
      "ref": null,
      "rendered": Array [
        Object {
          "instance": null,
          "key": undefined,
          "nodeType": "class",
          "props": Object {
            "children": Array [
              <p>
                You are 
                <StatusPanel__Bad>
                  bleeding
                </StatusPanel__Bad>
                 and 
                <StatusPanel__Good>
                  in good health
                </StatusPanel__Good>
                .
              </p>,
              <p>
                You feel oppressed, and hungry.
              </p>,
            ],
          },
          "ref": null,
          "rendered": Array [
            Object {
              "instance": null,
              "key": undefined,
              "nodeType": "host",
              "props": Object {
                "children": Array [
                  "You are ",
                  <StatusPanel__Bad>
                    bleeding
                  </StatusPanel__Bad>,
                  " and ",
                  <StatusPanel__Good>
                    in good health
                  </StatusPanel__Good>,
                  ".",
                ],
              },
              "ref": null,
              "rendered": Array [
                "You are ",
                Object {
                  "instance": null,
                  "key": undefined,
                  "nodeType": "class",
                  "props": Object {
                    "children": "bleeding",
                  },
                  "ref": null,
                  "rendered": "bleeding",
                  "type": [Function],
                },
                " and ",
                Object {
                  "instance": null,
                  "key": undefined,
                  "nodeType": "class",
                  "props": Object {
                    "children": "in good health",
                  },
                  "ref": null,
                  "rendered": "in good health",
                  "type": [Function],
                },
                ".",
              ],
              "type": "p",
            },
            Object {
              "instance": null,
              "key": undefined,
              "nodeType": "host",
              "props": Object {
                "children": "You feel oppressed, and hungry.",
              },
              "ref": null,
              "rendered": "You feel oppressed, and hungry.",
              "type": "p",
            },
          ],
          "type": [Function],
        },
        Object {
          "instance": null,
          "key": undefined,
          "nodeType": "class",
          "props": Object {
            "children": "It is late in the day.",
          },
          "ref": null,
          "rendered": "It is late in the day.",
          "type": [Function],
        },
      ],
      "type": [Function],
    },
  ],
  Symbol(enzyme.__options__): Object {
    "adapter": ReactSixteenAdapter {
      "options": Object {
        "enableComponentDidUpdateOnSetState": true,
      },
    },
  },
}
`;
